Símbolo         Valor Decimal   Valor Hexadecimal
-------         -------------   -----------------
INIT                        0                   0
VERIFICA_P1_EH_PRIMO        8                   8
P1_EH_IGUAL_DIV            12                   C
DEU_BORROW_P1              24                  18
NAO_DEU_BORROW_P1          26                  1A
MOD_P1_DIV                 30                  1E
INICIALIZA_P1              30                  1E
REPETIR_P1                 42                  2A
P1_MSB_MAIOR               60                  3C
P1_MSB_MENOR               72                  48
RESTO_EH_ZERO_P1           80                  50
INCREMENTA_DIV_P1          84                  54
INCREMENTA_P1              92                  5C
DEU_CARRY_P1              104                  68
NAO_DEU_CARRY_P1          108                  6C
P1_EH_PRIMO               110                  6E
DEU_BORROW_P2             122                  7A
NAO_DEU_BORROW_P2         124                  7C
VERIFICA_P2_EH_PRIMO      128                  80
P2_EH_IGUAL_DIV           132                  84
DEU_BORROW_P2_DIV         146                  92
NAO_DEU_BORROW_P2_DIV      148                  94
MOD_P2_DIV                152                  98
INICIALIZA_P2             152                  98
REPETIR_P2                164                  A4
P2_MSB_MAIOR              182                  B6
P2_MSB_MENOR              194                  C2
RESTO_EH_ZERO_P2          202                  CA
INCREMENTA_DIV_P2         206                  CE
P2_EH_PRIMO               214                  D6
N_MSB                     220                  DC
N_LSB                     221                  DD
P1_MSB                    222                  DE
P1_LSB                    223                  DF
P2_MSB                    224                  E0
P2_LSB                    225                  E1
VAR_DIV                   226                  E2
VAR_LSB_AUX               227                  E3
DIVD_P_MSB                228                  E4
DIVD_P_LSB                229                  E5
VAR_I                     230                  E6
CONST_ZERO                231                  E7
CONST_UM                  232                  E8
CONST_DOIS                233                  E9
CONST_OITO                234                  EA
